{"BirthDate":"1986-12-29T00:00:00","FirstName":"Ueli","FullName":"Ueli Müller","LastName":"Müller"}