[
  {
    "BirthDate": "1986-12-29T00:00:00",
    "FirstName": "Matthias",
    "FullName": "Matthias Müller",
    "LastName": "Müller"
  },
  {
    "BirthDate": "2000-02-02T00:00:00",
    "FirstName": "Hans",
    "FullName": "Hans Muster",
    "LastName": "Muster"
  }
]