{
  "BirthDate": "1986-12-29T00:00:00",
  "FirstName": "Matthias",
  "FullName": "Matthias Müller",
  "LastName": "Müller"
}